// Jest Snapshot v1, https://goo.gl/fbAQLP

exports[`matches snapshot 1`] = `
<DocumentFragment>
  <div
    class="App"
  >
    <div
      class="Carousel"
    >
      <h1>
        Shells from far-away beaches
      </h1>
      <div
        class="Carousel-main"
      >
        <i
          class="bi bi-arrow-left-circle"
          hidden=""
        />
        <div
          class="Card"
        >
          <h4
            class="Card-title"
          >
            Photo by Richard Pasquarella on Unsplash
          </h4>
          <img
            alt="Photo by Richard Pasquarella on Unsplash"
            class="Card-image"
            src="image1.jpg"
          />
          <small
            class="Card-small"
          >
            Image 1 of 3.
          </small>
        </div>
        <i
          class="bi bi-arrow-right-circle"
        />
      </div>
    </div>
  </div>
</DocumentFragment>
`;
